20:18:11:071 [main] DEBUG org.testng.TestNG suiteXmlPath: "C:\workspaces\java_selenium\Opencart\master.xml"
20:18:11:091 [main] WARN  org.testng.xml.TestNGContentHandler It is strongly recommended to add "<!DOCTYPE suite SYSTEM "https://testng.org/testng-1.1.dtd" >" at the top of the suite file [C:\workspaces\java_selenium\Opencart\master.xml] otherwise TestNG may fail or not work as expected.
20:18:11:315 [main] INFO  org.testng.internal.Utils [TestNG] Running:
  C:\workspaces\java_selenium\Opencart\master.xml

20:18:14:601 [main] DEBUG org.apache.poi.openxml4j.opc.PackageRelationshipCollection Parsing relationship: /xl/_rels/workbook.xml.rels
20:18:14:606 [main] DEBUG org.apache.poi.openxml4j.opc.PackageRelationshipCollection Parsing relationship: /xl/worksheets/_rels/sheet1.xml.rels
20:18:14:612 [main] DEBUG org.apache.poi.openxml4j.opc.PackageRelationshipCollection Parsing relationship: /_rels/.rels
20:18:15:044 [main] DEBUG org.apache.poi.ooxml.POIXMLFactory using default POIXMLDocumentPart for http://schemas.microsoft.com/office/2017/10/relationships/person
20:18:15:048 [main] DEBUG org.apache.poi.ooxml.POIXMLFactory using default POIXMLDocumentPart for http://schemas.openxmlformats.org/officeDocument/2006/relationships/printerSettings
20:18:15:148 [main] DEBUG org.apache.poi.openxml4j.opc.PackageRelationshipCollection Parsing relationship: /xl/_rels/workbook.xml.rels
20:18:15:150 [main] DEBUG org.apache.poi.openxml4j.opc.PackageRelationshipCollection Parsing relationship: /xl/worksheets/_rels/sheet1.xml.rels
20:18:15:150 [main] DEBUG org.apache.poi.openxml4j.opc.PackageRelationshipCollection Parsing relationship: /_rels/.rels
20:18:15:163 [main] DEBUG org.apache.poi.ooxml.POIXMLFactory using default POIXMLDocumentPart for http://schemas.microsoft.com/office/2017/10/relationships/person
20:18:15:163 [main] DEBUG org.apache.poi.ooxml.POIXMLFactory using default POIXMLDocumentPart for http://schemas.openxmlformats.org/officeDocument/2006/relationships/printerSettings
20:18:15:181 [main] DEBUG org.apache.poi.openxml4j.opc.PackageRelationshipCollection Parsing relationship: /xl/_rels/workbook.xml.rels
20:18:15:183 [main] DEBUG org.apache.poi.openxml4j.opc.PackageRelationshipCollection Parsing relationship: /xl/worksheets/_rels/sheet1.xml.rels
20:18:15:183 [main] DEBUG org.apache.poi.openxml4j.opc.PackageRelationshipCollection Parsing relationship: /_rels/.rels
20:18:15:198 [main] DEBUG org.apache.poi.ooxml.POIXMLFactory using default POIXMLDocumentPart for http://schemas.microsoft.com/office/2017/10/relationships/person
20:18:15:198 [main] DEBUG org.apache.poi.ooxml.POIXMLFactory using default POIXMLDocumentPart for http://schemas.openxmlformats.org/officeDocument/2006/relationships/printerSettings
20:18:15:225 [main] DEBUG org.apache.poi.openxml4j.opc.PackageRelationshipCollection Parsing relationship: /xl/_rels/workbook.xml.rels
20:18:15:227 [main] DEBUG org.apache.poi.openxml4j.opc.PackageRelationshipCollection Parsing relationship: /xl/worksheets/_rels/sheet1.xml.rels
20:18:15:227 [main] DEBUG org.apache.poi.openxml4j.opc.PackageRelationshipCollection Parsing relationship: /_rels/.rels
20:18:15:241 [main] DEBUG org.apache.poi.ooxml.POIXMLFactory using default POIXMLDocumentPart for http://schemas.microsoft.com/office/2017/10/relationships/person
20:18:15:241 [main] DEBUG org.apache.poi.ooxml.POIXMLFactory using default POIXMLDocumentPart for http://schemas.openxmlformats.org/officeDocument/2006/relationships/printerSettings
20:18:15:257 [main] DEBUG org.apache.poi.openxml4j.opc.PackageRelationshipCollection Parsing relationship: /xl/_rels/workbook.xml.rels
20:18:15:259 [main] DEBUG org.apache.poi.openxml4j.opc.PackageRelationshipCollection Parsing relationship: /xl/worksheets/_rels/sheet1.xml.rels
20:18:15:260 [main] DEBUG org.apache.poi.openxml4j.opc.PackageRelationshipCollection Parsing relationship: /_rels/.rels
20:18:15:271 [main] DEBUG org.apache.poi.ooxml.POIXMLFactory using default POIXMLDocumentPart for http://schemas.microsoft.com/office/2017/10/relationships/person
20:18:15:271 [main] DEBUG org.apache.poi.ooxml.POIXMLFactory using default POIXMLDocumentPart for http://schemas.openxmlformats.org/officeDocument/2006/relationships/printerSettings
20:18:15:286 [main] DEBUG org.apache.poi.openxml4j.opc.PackageRelationshipCollection Parsing relationship: /xl/_rels/workbook.xml.rels
20:18:15:288 [main] DEBUG org.apache.poi.openxml4j.opc.PackageRelationshipCollection Parsing relationship: /xl/worksheets/_rels/sheet1.xml.rels
20:18:15:288 [main] DEBUG org.apache.poi.openxml4j.opc.PackageRelationshipCollection Parsing relationship: /_rels/.rels
20:18:15:300 [main] DEBUG org.apache.poi.ooxml.POIXMLFactory using default POIXMLDocumentPart for http://schemas.microsoft.com/office/2017/10/relationships/person
20:18:15:300 [main] DEBUG org.apache.poi.ooxml.POIXMLFactory using default POIXMLDocumentPart for http://schemas.openxmlformats.org/officeDocument/2006/relationships/printerSettings
20:18:15:312 [main] DEBUG org.apache.poi.openxml4j.opc.PackageRelationshipCollection Parsing relationship: /xl/_rels/workbook.xml.rels
20:18:15:312 [main] DEBUG org.apache.poi.openxml4j.opc.PackageRelationshipCollection Parsing relationship: /xl/worksheets/_rels/sheet1.xml.rels
20:18:15:312 [main] DEBUG org.apache.poi.openxml4j.opc.PackageRelationshipCollection Parsing relationship: /_rels/.rels
20:18:15:324 [main] DEBUG org.apache.poi.ooxml.POIXMLFactory using default POIXMLDocumentPart for http://schemas.microsoft.com/office/2017/10/relationships/person
20:18:15:324 [main] DEBUG org.apache.poi.ooxml.POIXMLFactory using default POIXMLDocumentPart for http://schemas.openxmlformats.org/officeDocument/2006/relationships/printerSettings
20:18:15:340 [main] DEBUG org.apache.poi.openxml4j.opc.PackageRelationshipCollection Parsing relationship: /xl/_rels/workbook.xml.rels
20:18:15:341 [main] DEBUG org.apache.poi.openxml4j.opc.PackageRelationshipCollection Parsing relationship: /xl/worksheets/_rels/sheet1.xml.rels
20:18:15:341 [main] DEBUG org.apache.poi.openxml4j.opc.PackageRelationshipCollection Parsing relationship: /_rels/.rels
20:18:15:347 [main] DEBUG org.apache.poi.ooxml.POIXMLFactory using default POIXMLDocumentPart for http://schemas.microsoft.com/office/2017/10/relationships/person
20:18:15:347 [main] DEBUG org.apache.poi.ooxml.POIXMLFactory using default POIXMLDocumentPart for http://schemas.openxmlformats.org/officeDocument/2006/relationships/printerSettings
20:18:15:359 [main] DEBUG org.apache.poi.openxml4j.opc.PackageRelationshipCollection Parsing relationship: /xl/_rels/workbook.xml.rels
20:18:15:359 [main] DEBUG org.apache.poi.openxml4j.opc.PackageRelationshipCollection Parsing relationship: /xl/worksheets/_rels/sheet1.xml.rels
20:18:15:359 [main] DEBUG org.apache.poi.openxml4j.opc.PackageRelationshipCollection Parsing relationship: /_rels/.rels
20:18:15:373 [main] DEBUG org.apache.poi.ooxml.POIXMLFactory using default POIXMLDocumentPart for http://schemas.microsoft.com/office/2017/10/relationships/person
20:18:15:373 [main] DEBUG org.apache.poi.ooxml.POIXMLFactory using default POIXMLDocumentPart for http://schemas.openxmlformats.org/officeDocument/2006/relationships/printerSettings
20:18:15:388 [main] DEBUG org.apache.poi.openxml4j.opc.PackageRelationshipCollection Parsing relationship: /xl/_rels/workbook.xml.rels
20:18:15:391 [main] DEBUG org.apache.poi.openxml4j.opc.PackageRelationshipCollection Parsing relationship: /xl/worksheets/_rels/sheet1.xml.rels
20:18:15:391 [main] DEBUG org.apache.poi.openxml4j.opc.PackageRelationshipCollection Parsing relationship: /_rels/.rels
20:18:15:400 [main] DEBUG org.apache.poi.ooxml.POIXMLFactory using default POIXMLDocumentPart for http://schemas.microsoft.com/office/2017/10/relationships/person
20:18:15:403 [main] DEBUG org.apache.poi.ooxml.POIXMLFactory using default POIXMLDocumentPart for http://schemas.openxmlformats.org/officeDocument/2006/relationships/printerSettings
20:18:15:414 [main] DEBUG org.apache.poi.openxml4j.opc.PackageRelationshipCollection Parsing relationship: /xl/_rels/workbook.xml.rels
20:18:15:414 [main] DEBUG org.apache.poi.openxml4j.opc.PackageRelationshipCollection Parsing relationship: /xl/worksheets/_rels/sheet1.xml.rels
20:18:15:416 [main] DEBUG org.apache.poi.openxml4j.opc.PackageRelationshipCollection Parsing relationship: /_rels/.rels
20:18:15:424 [main] DEBUG org.apache.poi.ooxml.POIXMLFactory using default POIXMLDocumentPart for http://schemas.microsoft.com/office/2017/10/relationships/person
20:18:15:426 [main] DEBUG org.apache.poi.ooxml.POIXMLFactory using default POIXMLDocumentPart for http://schemas.openxmlformats.org/officeDocument/2006/relationships/printerSettings
20:18:15:436 [main] DEBUG org.apache.poi.openxml4j.opc.PackageRelationshipCollection Parsing relationship: /xl/_rels/workbook.xml.rels
20:18:15:438 [main] DEBUG org.apache.poi.openxml4j.opc.PackageRelationshipCollection Parsing relationship: /xl/worksheets/_rels/sheet1.xml.rels
20:18:15:438 [main] DEBUG org.apache.poi.openxml4j.opc.PackageRelationshipCollection Parsing relationship: /_rels/.rels
20:18:15:446 [main] DEBUG org.apache.poi.ooxml.POIXMLFactory using default POIXMLDocumentPart for http://schemas.microsoft.com/office/2017/10/relationships/person
20:18:15:446 [main] DEBUG org.apache.poi.ooxml.POIXMLFactory using default POIXMLDocumentPart for http://schemas.openxmlformats.org/officeDocument/2006/relationships/printerSettings
20:18:15:454 [main] DEBUG org.apache.poi.openxml4j.opc.PackageRelationshipCollection Parsing relationship: /xl/_rels/workbook.xml.rels
20:18:15:454 [main] DEBUG org.apache.poi.openxml4j.opc.PackageRelationshipCollection Parsing relationship: /xl/worksheets/_rels/sheet1.xml.rels
20:18:15:457 [main] DEBUG org.apache.poi.openxml4j.opc.PackageRelationshipCollection Parsing relationship: /_rels/.rels
20:18:15:463 [main] DEBUG org.apache.poi.ooxml.POIXMLFactory using default POIXMLDocumentPart for http://schemas.microsoft.com/office/2017/10/relationships/person
20:18:15:463 [main] DEBUG org.apache.poi.ooxml.POIXMLFactory using default POIXMLDocumentPart for http://schemas.openxmlformats.org/officeDocument/2006/relationships/printerSettings
20:18:15:474 [main] DEBUG org.apache.poi.openxml4j.opc.PackageRelationshipCollection Parsing relationship: /xl/_rels/workbook.xml.rels
20:18:15:474 [main] DEBUG org.apache.poi.openxml4j.opc.PackageRelationshipCollection Parsing relationship: /xl/worksheets/_rels/sheet1.xml.rels
20:18:15:476 [main] DEBUG org.apache.poi.openxml4j.opc.PackageRelationshipCollection Parsing relationship: /_rels/.rels
20:18:15:483 [main] DEBUG org.apache.poi.ooxml.POIXMLFactory using default POIXMLDocumentPart for http://schemas.microsoft.com/office/2017/10/relationships/person
20:18:15:483 [main] DEBUG org.apache.poi.ooxml.POIXMLFactory using default POIXMLDocumentPart for http://schemas.openxmlformats.org/officeDocument/2006/relationships/printerSettings
20:18:15:494 [main] DEBUG org.apache.poi.openxml4j.opc.PackageRelationshipCollection Parsing relationship: /xl/_rels/workbook.xml.rels
20:18:15:499 [main] DEBUG org.apache.poi.openxml4j.opc.PackageRelationshipCollection Parsing relationship: /xl/worksheets/_rels/sheet1.xml.rels
20:18:15:499 [main] DEBUG org.apache.poi.openxml4j.opc.PackageRelationshipCollection Parsing relationship: /_rels/.rels
20:18:15:508 [main] DEBUG org.apache.poi.ooxml.POIXMLFactory using default POIXMLDocumentPart for http://schemas.microsoft.com/office/2017/10/relationships/person
20:18:15:508 [main] DEBUG org.apache.poi.ooxml.POIXMLFactory using default POIXMLDocumentPart for http://schemas.openxmlformats.org/officeDocument/2006/relationships/printerSettings
20:18:15:519 [main] DEBUG org.apache.poi.openxml4j.opc.PackageRelationshipCollection Parsing relationship: /xl/_rels/workbook.xml.rels
20:18:15:521 [main] DEBUG org.apache.poi.openxml4j.opc.PackageRelationshipCollection Parsing relationship: /xl/worksheets/_rels/sheet1.xml.rels
20:18:15:521 [main] DEBUG org.apache.poi.openxml4j.opc.PackageRelationshipCollection Parsing relationship: /_rels/.rels
20:18:15:529 [main] DEBUG org.apache.poi.ooxml.POIXMLFactory using default POIXMLDocumentPart for http://schemas.microsoft.com/office/2017/10/relationships/person
20:18:15:529 [main] DEBUG org.apache.poi.ooxml.POIXMLFactory using default POIXMLDocumentPart for http://schemas.openxmlformats.org/officeDocument/2006/relationships/printerSettings
20:18:15:540 [main] DEBUG org.apache.poi.openxml4j.opc.PackageRelationshipCollection Parsing relationship: /xl/_rels/workbook.xml.rels
20:18:15:540 [main] DEBUG org.apache.poi.openxml4j.opc.PackageRelationshipCollection Parsing relationship: /xl/worksheets/_rels/sheet1.xml.rels
20:18:15:540 [main] DEBUG org.apache.poi.openxml4j.opc.PackageRelationshipCollection Parsing relationship: /_rels/.rels
20:18:15:549 [main] DEBUG org.apache.poi.ooxml.POIXMLFactory using default POIXMLDocumentPart for http://schemas.microsoft.com/office/2017/10/relationships/person
20:18:15:549 [main] DEBUG org.apache.poi.ooxml.POIXMLFactory using default POIXMLDocumentPart for http://schemas.openxmlformats.org/officeDocument/2006/relationships/printerSettings
20:18:15:571 [main] INFO  testCases.TC003_LoginDataDrivenTest ***** Starting Login DDT *****
20:18:17:516 [main] INFO  testCases.TC003_LoginDataDrivenTest ***** Finished Login DDT *****
20:18:17:525 [main] INFO  testCases.TC003_LoginDataDrivenTest ***** Starting Login DDT *****
20:18:28:770 [main] INFO  testCases.TC003_LoginDataDrivenTest ***** Finished Login DDT *****
20:18:28:775 [main] INFO  testCases.TC003_LoginDataDrivenTest ***** Starting Login DDT *****
20:18:40:148 [main] INFO  testCases.TC003_LoginDataDrivenTest ***** Finished Login DDT *****
20:18:40:151 [main] INFO  testCases.TC003_LoginDataDrivenTest ***** Starting Login DDT *****
20:18:43:056 [main] INFO  testCases.TC003_LoginDataDrivenTest ***** Starting Login DDT *****
12:59:53:041 [main] DEBUG org.testng.TestNG suiteXmlPath: "C:\workspaces\java_selenium\Opencart\grouping.xml"
12:59:53:074 [main] WARN  org.testng.xml.TestNGContentHandler It is strongly recommended to add "<!DOCTYPE suite SYSTEM "https://testng.org/testng-1.1.dtd" >" at the top of the suite file [C:\workspaces\java_selenium\Opencart\grouping.xml] otherwise TestNG may fail or not work as expected.
12:59:53:444 [main] INFO  org.testng.internal.Utils [TestNG] Running:
  C:\workspaces\java_selenium\Opencart\grouping.xml

12:59:58:179 [main] INFO  testCases.TC002_LoginTest ****** Starting Login test *****
12:59:58:179 [main] INFO  testCases.TC002_LoginTest Click on Login link
12:59:58:669 [main] INFO  testCases.TC002_LoginTest Entering customer details
12:59:59:710 [main] INFO  testCases.TC002_LoginTest Validating login
12:59:59:768 [main] INFO  testCases.TC002_LoginTest ***** Finished Login Test *****
13:00:21:976 [main] DEBUG org.testng.TestNG suiteXmlPath: "C:\workspaces\java_selenium\Opencart\grouping.xml"
13:00:21:998 [main] WARN  org.testng.xml.TestNGContentHandler It is strongly recommended to add "<!DOCTYPE suite SYSTEM "https://testng.org/testng-1.1.dtd" >" at the top of the suite file [C:\workspaces\java_selenium\Opencart\grouping.xml] otherwise TestNG may fail or not work as expected.
13:00:22:289 [main] INFO  org.testng.internal.Utils [TestNG] Running:
  C:\workspaces\java_selenium\Opencart\grouping.xml

13:00:24:918 [main] INFO  testCases.TC001_AccountRegistrationTest Starting TC
13:00:24:918 [main] INFO  testCases.TC001_AccountRegistrationTest On the Home page
13:00:25:465 [main] INFO  testCases.TC001_AccountRegistrationTest Entering customer detials
13:00:27:128 [main] INFO  testCases.TC001_AccountRegistrationTest Validating confirm msg
13:00:27:186 [main] INFO  testCases.TC001_AccountRegistrationTest TC Finished
13:00:29:286 [main] INFO  testCases.TC002_LoginTest ****** Starting Login test *****
13:00:29:286 [main] INFO  testCases.TC002_LoginTest Click on Login link
13:00:29:710 [main] INFO  testCases.TC002_LoginTest Entering customer details
13:00:30:721 [main] INFO  testCases.TC002_LoginTest Validating login
13:00:30:764 [main] INFO  testCases.TC002_LoginTest ***** Finished Login Test *****
14:21:07:284 [main] DEBUG org.testng.TestNG suiteXmlPath: "C:\workspaces\java_selenium\Opencart\grouping.xml"
14:21:07:303 [main] WARN  org.testng.xml.TestNGContentHandler It is strongly recommended to add "<!DOCTYPE suite SYSTEM "https://testng.org/testng-1.1.dtd" >" at the top of the suite file [C:\workspaces\java_selenium\Opencart\grouping.xml] otherwise TestNG may fail or not work as expected.
14:21:07:602 [main] INFO  org.testng.internal.Utils [TestNG] Running:
  C:\workspaces\java_selenium\Opencart\grouping.xml

14:21:16:674 [main] INFO  testCases.TC001_AccountRegistrationTest Starting TC
14:21:16:674 [main] INFO  testCases.TC001_AccountRegistrationTest On the Home page
14:21:17:475 [main] INFO  testCases.TC001_AccountRegistrationTest Entering customer detials
14:21:19:054 [main] INFO  testCases.TC001_AccountRegistrationTest Validating confirm msg
14:21:19:096 [main] INFO  testCases.TC001_AccountRegistrationTest TC Finished
14:21:21:291 [main] INFO  testCases.TC002_LoginTest ****** Starting Login test *****
14:21:21:291 [main] INFO  testCases.TC002_LoginTest Click on Login link
14:21:21:672 [main] INFO  testCases.TC002_LoginTest Entering customer details
14:21:22:005 [main] INFO  testCases.TC002_LoginTest Validating login
14:21:22:714 [main] INFO  testCases.TC002_LoginTest ***** Finished Login Test *****
14:23:07:755 [main] DEBUG org.testng.TestNG suiteXmlPath: "C:\workspaces\java_selenium\Opencart\grouping.xml"
14:23:07:777 [main] WARN  org.testng.xml.TestNGContentHandler It is strongly recommended to add "<!DOCTYPE suite SYSTEM "https://testng.org/testng-1.1.dtd" >" at the top of the suite file [C:\workspaces\java_selenium\Opencart\grouping.xml] otherwise TestNG may fail or not work as expected.
14:23:08:074 [main] INFO  org.testng.internal.Utils [TestNG] Running:
  C:\workspaces\java_selenium\Opencart\grouping.xml

14:23:11:828 [main] INFO  testCases.TC001_AccountRegistrationTest Starting TC
14:23:11:828 [main] INFO  testCases.TC001_AccountRegistrationTest On the Home page
14:23:12:377 [main] INFO  testCases.TC001_AccountRegistrationTest Entering customer detials
14:23:13:901 [main] INFO  testCases.TC001_AccountRegistrationTest Validating confirm msg
14:23:13:973 [main] INFO  testCases.TC001_AccountRegistrationTest TC Finished
14:23:16:362 [main] INFO  testCases.TC002_LoginTest ****** Starting Login test *****
14:23:16:362 [main] INFO  testCases.TC002_LoginTest Click on Login link
14:23:16:768 [main] INFO  testCases.TC002_LoginTest Entering customer details
14:23:17:588 [main] INFO  testCases.TC002_LoginTest Validating login
14:27:37:457 [main] DEBUG org.testng.TestNG suiteXmlPath: "C:\workspaces\java_selenium\Opencart\test-output\testng-failed.xml"
14:27:37:484 [main] WARN  org.testng.xml.TestNGContentHandler It is strongly recommended to add "<!DOCTYPE suite SYSTEM "https://testng.org/testng-1.1.dtd" >" at the top of the suite file [C:\workspaces\java_selenium\Opencart\test-output\testng-failed.xml] otherwise TestNG may fail or not work as expected.
14:27:37:763 [main] INFO  org.testng.internal.Utils [TestNG] Running:
  C:\workspaces\java_selenium\Opencart\test-output\testng-failed.xml

14:27:41:871 [main] INFO  testCases.TC002_LoginTest ****** Starting Login test *****
14:27:41:871 [main] INFO  testCases.TC002_LoginTest Click on Login link
14:27:42:303 [main] INFO  testCases.TC002_LoginTest Entering customer details
14:27:43:271 [main] INFO  testCases.TC002_LoginTest Validating login
14:27:43:325 [main] INFO  testCases.TC002_LoginTest ***** Finished Login Test *****
17:44:21:290 [main] DEBUG org.testng.TestNG suiteXmlPath: "C:\workspaces\java_selenium\Opencart\master.xml"
17:44:21:309 [main] WARN  org.testng.xml.TestNGContentHandler It is strongly recommended to add "<!DOCTYPE suite SYSTEM "https://testng.org/testng-1.1.dtd" >" at the top of the suite file [C:\workspaces\java_selenium\Opencart\master.xml] otherwise TestNG may fail or not work as expected.
17:44:21:525 [main] INFO  org.testng.internal.Utils [TestNG] Running:
  C:\workspaces\java_selenium\Opencart\master.xml

17:44:25:926 [main] INFO  testCases.TC001_AccountRegistrationTest Starting TC
17:44:25:926 [main] INFO  testCases.TC001_AccountRegistrationTest On the Home page
17:44:26:458 [main] INFO  testCases.TC001_AccountRegistrationTest Entering customer detials
17:44:28:124 [main] INFO  testCases.TC001_AccountRegistrationTest Validating confirm msg
17:44:28:163 [main] INFO  testCases.TC001_AccountRegistrationTest TC Finished
17:44:30:077 [main] INFO  testCases.TC002_LoginTest ****** Starting Login test *****
17:44:30:079 [main] INFO  testCases.TC002_LoginTest Click on Login link
17:44:30:434 [main] INFO  testCases.TC002_LoginTest Entering customer details
17:44:31:336 [main] INFO  testCases.TC002_LoginTest Validating login
17:44:31:366 [main] INFO  testCases.TC002_LoginTest ***** Finished Login Test *****
19:09:22:598 [main] DEBUG org.testng.TestNG suiteXmlPath: "C:\workspaces\java_selenium\Opencart\master.xml"
19:09:22:615 [main] WARN  org.testng.xml.TestNGContentHandler It is strongly recommended to add "<!DOCTYPE suite SYSTEM "https://testng.org/testng-1.1.dtd" >" at the top of the suite file [C:\workspaces\java_selenium\Opencart\master.xml] otherwise TestNG may fail or not work as expected.
19:09:22:852 [main] INFO  org.testng.internal.Utils [TestNG] Running:
  C:\workspaces\java_selenium\Opencart\master.xml

19:09:36:045 [main] INFO  testCases.TC001_AccountRegistrationTest Starting TC
19:09:36:045 [main] INFO  testCases.TC001_AccountRegistrationTest On the Home page
19:09:36:734 [main] INFO  testCases.TC001_AccountRegistrationTest Entering customer detials
19:09:38:432 [main] INFO  testCases.TC001_AccountRegistrationTest Validating confirm msg
19:09:38:473 [main] INFO  testCases.TC001_AccountRegistrationTest TC Finished
19:09:41:013 [main] INFO  testCases.TC002_LoginTest ****** Starting Login test *****
19:09:41:013 [main] INFO  testCases.TC002_LoginTest Click on Login link
19:09:41:576 [main] INFO  testCases.TC002_LoginTest Entering customer details
19:09:41:895 [main] INFO  testCases.TC002_LoginTest Validating login
19:09:42:629 [main] INFO  testCases.TC002_LoginTest ***** Finished Login Test *****
19:10:07:345 [main] DEBUG org.testng.TestNG suiteXmlPath: "C:\workspaces\java_selenium\Opencart\master.xml"
19:10:07:367 [main] WARN  org.testng.xml.TestNGContentHandler It is strongly recommended to add "<!DOCTYPE suite SYSTEM "https://testng.org/testng-1.1.dtd" >" at the top of the suite file [C:\workspaces\java_selenium\Opencart\master.xml] otherwise TestNG may fail or not work as expected.
19:10:07:628 [main] INFO  org.testng.internal.Utils [TestNG] Running:
  C:\workspaces\java_selenium\Opencart\master.xml

19:10:11:771 [main] INFO  testCases.TC001_AccountRegistrationTest Starting TC
19:10:11:771 [main] INFO  testCases.TC001_AccountRegistrationTest On the Home page
19:10:12:605 [main] INFO  testCases.TC001_AccountRegistrationTest Entering customer detials
19:10:14:278 [main] INFO  testCases.TC001_AccountRegistrationTest Validating confirm msg
19:10:14:339 [main] INFO  testCases.TC001_AccountRegistrationTest TC Finished
19:10:16:639 [main] INFO  testCases.TC002_LoginTest ****** Starting Login test *****
19:10:16:639 [main] INFO  testCases.TC002_LoginTest Click on Login link
19:10:17:201 [main] INFO  testCases.TC002_LoginTest Entering customer details
19:10:18:181 [main] INFO  testCases.TC002_LoginTest Validating login
19:10:18:237 [main] INFO  testCases.TC002_LoginTest ***** Finished Login Test *****
19:17:04:052 [main] DEBUG org.testng.TestNG suiteXmlPath: "C:\workspaces\java_selenium\Opencart\master.xml"
19:17:04:071 [main] WARN  org.testng.xml.TestNGContentHandler It is strongly recommended to add "<!DOCTYPE suite SYSTEM "https://testng.org/testng-1.1.dtd" >" at the top of the suite file [C:\workspaces\java_selenium\Opencart\master.xml] otherwise TestNG may fail or not work as expected.
19:17:04:308 [main] INFO  org.testng.internal.Utils [TestNG] Running:
  C:\workspaces\java_selenium\Opencart\master.xml

19:17:07:499 [main] INFO  testCases.TC001_AccountRegistrationTest Starting TC
19:17:07:500 [main] INFO  testCases.TC001_AccountRegistrationTest On the Home page
19:17:08:132 [main] INFO  testCases.TC001_AccountRegistrationTest Entering customer detials
19:17:09:687 [main] INFO  testCases.TC001_AccountRegistrationTest Validating confirm msg
19:17:09:773 [main] INFO  testCases.TC001_AccountRegistrationTest TC Finished
19:17:13:228 [main] INFO  testCases.TC002_LoginTest ****** Starting Login test *****
19:17:13:228 [main] INFO  testCases.TC002_LoginTest Click on Login link
19:17:14:025 [main] INFO  testCases.TC002_LoginTest Entering customer details
19:17:15:353 [main] INFO  testCases.TC002_LoginTest Validating login
19:17:15:410 [main] INFO  testCases.TC002_LoginTest ***** Finished Login Test *****
19:19:18:603 [main] DEBUG org.testng.TestNG suiteXmlPath: "C:\workspaces\java_selenium\Opencart\crossBrowserTesting.xml"
19:19:18:621 [main] WARN  org.testng.xml.TestNGContentHandler It is strongly recommended to add "<!DOCTYPE suite SYSTEM "https://testng.org/testng-1.1.dtd" >" at the top of the suite file [C:\workspaces\java_selenium\Opencart\crossBrowserTesting.xml] otherwise TestNG may fail or not work as expected.
19:19:18:861 [main] INFO  org.testng.internal.Utils [TestNG] Running:
  C:\workspaces\java_selenium\Opencart\crossBrowserTesting.xml

19:19:23:201 [TestNG-tests-1] INFO  testCases.TC001_AccountRegistrationTest Starting TC
19:19:23:202 [TestNG-tests-1] INFO  testCases.TC001_AccountRegistrationTest On the Home page
19:19:23:953 [TestNG-tests-1] INFO  testCases.TC001_AccountRegistrationTest Entering customer detials
19:19:25:672 [TestNG-tests-1] INFO  testCases.TC001_AccountRegistrationTest Validating confirm msg
19:19:25:724 [TestNG-tests-1] INFO  testCases.TC001_AccountRegistrationTest TC Finished
20:48:05:844 [main] DEBUG org.testng.TestNG suiteXmlPath: "C:\workspaces\java_selenium\Opencart\grid-docker.xml"
20:48:05:873 [main] WARN  org.testng.xml.TestNGContentHandler It is strongly recommended to add "<!DOCTYPE suite SYSTEM "https://testng.org/testng-1.1.dtd" >" at the top of the suite file [C:\workspaces\java_selenium\Opencart\grid-docker.xml] otherwise TestNG may fail or not work as expected.
20:48:06:229 [main] INFO  org.testng.internal.Utils [TestNG] Running:
  C:\workspaces\java_selenium\Opencart\grid-docker.xml

20:48:14:860 [main] INFO  testCases.TC001_AccountRegistrationTest Starting TC
20:48:14:860 [main] INFO  testCases.TC001_AccountRegistrationTest On the Home page
20:48:16:080 [main] INFO  testCases.TC001_AccountRegistrationTest Entering customer detials
20:48:18:831 [main] INFO  testCases.TC001_AccountRegistrationTest Validating confirm msg
20:48:18:938 [main] INFO  testCases.TC001_AccountRegistrationTest TC Finished
20:48:21:521 [main] INFO  testCases.TC002_LoginTest ****** Starting Login test *****
20:48:21:521 [main] INFO  testCases.TC002_LoginTest Click on Login link
20:48:22:359 [main] INFO  testCases.TC002_LoginTest Entering customer details
20:48:23:756 [main] INFO  testCases.TC002_LoginTest Validating login
20:48:23:877 [main] INFO  testCases.TC002_LoginTest ***** Finished Login Test *****
20:49:59:584 [main] DEBUG org.testng.TestNG suiteXmlPath: "C:\workspaces\java_selenium\Opencart\grid-docker.xml"
20:49:59:601 [main] WARN  org.testng.xml.TestNGContentHandler It is strongly recommended to add "<!DOCTYPE suite SYSTEM "https://testng.org/testng-1.1.dtd" >" at the top of the suite file [C:\workspaces\java_selenium\Opencart\grid-docker.xml] otherwise TestNG may fail or not work as expected.
20:49:59:767 [main] INFO  org.testng.internal.Utils [TestNG] Running:
  C:\workspaces\java_selenium\Opencart\grid-docker.xml

20:50:01:884 [main] INFO  testCases.TC001_AccountRegistrationTest Starting TC
20:50:01:885 [main] INFO  testCases.TC001_AccountRegistrationTest On the Home page
20:50:02:924 [main] INFO  testCases.TC001_AccountRegistrationTest Entering customer detials
20:50:06:405 [main] INFO  testCases.TC001_AccountRegistrationTest Validating confirm msg
20:50:06:463 [main] INFO  testCases.TC001_AccountRegistrationTest TC Finished
20:50:07:999 [main] INFO  testCases.TC002_LoginTest ****** Starting Login test *****
20:50:08:000 [main] INFO  testCases.TC002_LoginTest Click on Login link
20:50:08:415 [main] INFO  testCases.TC002_LoginTest Entering customer details
20:50:09:356 [main] INFO  testCases.TC002_LoginTest Validating login
20:50:09:420 [main] INFO  testCases.TC002_LoginTest ***** Finished Login Test *****
20:50:15:947 [main] INFO  testCases.TC001_AccountRegistrationTest Starting TC
20:50:15:948 [main] INFO  testCases.TC001_AccountRegistrationTest On the Home page
20:50:16:531 [main] INFO  testCases.TC001_AccountRegistrationTest Entering customer detials
20:50:17:439 [main] INFO  testCases.TC001_AccountRegistrationTest Validating confirm msg
20:50:27:457 [main] ERROR testCases.TC001_AccountRegistrationTest Test failed
20:50:27:458 [main] DEBUG testCases.TC001_AccountRegistrationTest Debug logs: 
20:50:31:401 [main] INFO  testCases.TC002_LoginTest ****** Starting Login test *****
20:50:31:401 [main] INFO  testCases.TC002_LoginTest Click on Login link
20:50:31:826 [main] INFO  testCases.TC002_LoginTest Entering customer details
20:50:33:007 [main] INFO  testCases.TC002_LoginTest Validating login
20:50:33:048 [main] INFO  testCases.TC002_LoginTest ***** Finished Login Test *****
11:50:52:096 [main] DEBUG org.testng.TestNG suiteXmlPath: "C:\workspaces\java_selenium\Opencart\master.xml"
11:50:52:116 [main] WARN  org.testng.xml.TestNGContentHandler It is strongly recommended to add "<!DOCTYPE suite SYSTEM "https://testng.org/testng-1.1.dtd" >" at the top of the suite file [C:\workspaces\java_selenium\Opencart\master.xml] otherwise TestNG may fail or not work as expected.
11:50:56:154 [main] INFO  testCases.TC001_AccountRegistrationTest Starting TC
11:50:56:154 [main] INFO  testCases.TC001_AccountRegistrationTest On the Home page
11:50:57:025 [main] INFO  testCases.TC001_AccountRegistrationTest Entering customer detials
11:50:58:847 [main] INFO  testCases.TC001_AccountRegistrationTest Validating confirm msg
11:50:58:929 [main] INFO  testCases.TC001_AccountRegistrationTest TC Finished
11:51:01:825 [main] INFO  testCases.TC002_LoginTest ****** Starting Login test *****
11:51:01:827 [main] INFO  testCases.TC002_LoginTest Click on Login link
11:51:02:403 [main] INFO  testCases.TC002_LoginTest Entering customer details
11:51:02:739 [main] INFO  testCases.TC002_LoginTest Validating login
11:51:03:453 [main] INFO  testCases.TC002_LoginTest ***** Finished Login Test *****
12:16:36:133 [main] DEBUG org.testng.TestNG suiteXmlPath: "C:\workspaces\java_selenium\Opencart\master.xml"
12:16:36:151 [main] WARN  org.testng.xml.TestNGContentHandler It is strongly recommended to add "<!DOCTYPE suite SYSTEM "https://testng.org/testng-1.1.dtd" >" at the top of the suite file [C:\workspaces\java_selenium\Opencart\master.xml] otherwise TestNG may fail or not work as expected.
12:16:39:817 [main] INFO  testCases.TC001_AccountRegistrationTest Starting TC
12:16:39:817 [main] INFO  testCases.TC001_AccountRegistrationTest On the Home page
12:16:40:634 [main] INFO  testCases.TC001_AccountRegistrationTest Entering customer detials
12:16:42:332 [main] INFO  testCases.TC001_AccountRegistrationTest Validating confirm msg
12:16:42:379 [main] INFO  testCases.TC001_AccountRegistrationTest TC Finished
12:16:45:439 [main] INFO  testCases.TC002_LoginTest ****** Starting Login test *****
12:16:45:439 [main] INFO  testCases.TC002_LoginTest Click on Login link
12:16:46:579 [main] INFO  testCases.TC002_LoginTest Entering customer details
12:16:47:003 [main] INFO  testCases.TC002_LoginTest Validating login
12:16:47:885 [main] INFO  testCases.TC002_LoginTest ***** Finished Login Test *****
12:17:09:217 [main] DEBUG org.testng.TestNG suiteXmlPath: "C:\workspaces\java_selenium\Opencart\master.xml"
12:17:09:234 [main] WARN  org.testng.xml.TestNGContentHandler It is strongly recommended to add "<!DOCTYPE suite SYSTEM "https://testng.org/testng-1.1.dtd" >" at the top of the suite file [C:\workspaces\java_selenium\Opencart\master.xml] otherwise TestNG may fail or not work as expected.
12:17:12:424 [main] INFO  testCases.TC001_AccountRegistrationTest Starting TC
12:17:12:424 [main] INFO  testCases.TC001_AccountRegistrationTest On the Home page
12:17:13:251 [main] INFO  testCases.TC001_AccountRegistrationTest Entering customer detials
12:17:15:124 [main] INFO  testCases.TC001_AccountRegistrationTest Validating confirm msg
12:17:15:180 [main] INFO  testCases.TC001_AccountRegistrationTest TC Finished
12:17:17:994 [main] INFO  testCases.TC002_LoginTest ****** Starting Login test *****
12:17:17:994 [main] INFO  testCases.TC002_LoginTest Click on Login link
12:17:18:709 [main] INFO  testCases.TC002_LoginTest Entering customer details
12:17:19:093 [main] INFO  testCases.TC002_LoginTest Validating login
12:17:19:827 [main] INFO  testCases.TC002_LoginTest ***** Finished Login Test *****
12:26:02:390 [main] DEBUG org.testng.TestNG suiteXmlPath: "C:\workspaces\java_selenium\Opencart\master.xml"
12:26:02:408 [main] WARN  org.testng.xml.TestNGContentHandler It is strongly recommended to add "<!DOCTYPE suite SYSTEM "https://testng.org/testng-1.1.dtd" >" at the top of the suite file [C:\workspaces\java_selenium\Opencart\master.xml] otherwise TestNG may fail or not work as expected.
12:26:06:414 [main] INFO  testCases.TC001_AccountRegistrationTest Starting TC
12:26:06:414 [main] INFO  testCases.TC001_AccountRegistrationTest On the Home page
12:26:07:458 [main] INFO  testCases.TC001_AccountRegistrationTest Entering customer detials
12:26:09:203 [main] INFO  testCases.TC001_AccountRegistrationTest Validating confirm msg
12:26:09:269 [main] INFO  testCases.TC001_AccountRegistrationTest TC Finished
12:26:12:169 [main] INFO  testCases.TC002_LoginTest ****** Starting Login test *****
12:26:12:169 [main] INFO  testCases.TC002_LoginTest Click on Login link
12:26:12:910 [main] INFO  testCases.TC002_LoginTest Entering customer details
12:26:14:019 [main] INFO  testCases.TC002_LoginTest Validating login
12:26:14:068 [main] INFO  testCases.TC002_LoginTest ***** Finished Login Test *****
